[    1088ms] [INFO] %cDownload the React DevTools for a better development experience: https://react.dev/link/react-devtools font-weight:bold @ http://localhost:3000/_next/static/chunks/1hkm_next_dist_0h8c2q-._.js:776
[    1135ms] [LOG] [HMR] connected @ http://localhost:3000/_next/static/chunks/1hkm_next_dist_0h8c2q-._.js:776
[    2903ms] [WARNING] THREE.Clock: This module has been deprecated. Please use THREE.Timer instead. @ http://localhost:3000/_next/static/chunks/1hkm_next_dist_0h8c2q-._.js:776
[  225316ms] [LOG] [Fast Refresh] rebuilding @ http://localhost:3000/_next/static/chunks/1hkm_next_dist_0h8c2q-._.js:776
[  225588ms] [LOG] [Fast Refresh] done in 348ms @ http://localhost:3000/_next/static/chunks/1hkm_next_dist_0h8c2q-._.js:776
[  225774ms] [LOG] [Fast Refresh] done in 348ms @ http://localhost:3000/_next/static/chunks/1hkm_next_dist_0h8c2q-._.js:776
[  226516ms] [LOG] [Fast Refresh] done in 348ms @ http://localhost:3000/_next/static/chunks/1hkm_next_dist_0h8c2q-._.js:776
[  270591ms] [LOG] [Fast Refresh] rebuilding @ http://localhost:3000/_next/static/chunks/1hkm_next_dist_0h8c2q-._.js:776
[  270596ms] [LOG] [Fast Refresh] done in 105ms @ http://localhost:3000/_next/static/chunks/1hkm_next_dist_0h8c2q-._.js:776
[  280728ms] [LOG] [Fast Refresh] rebuilding @ http://localhost:3000/_next/static/chunks/1hkm_next_dist_0h8c2q-._.js:776
[  280981ms] [LOG] [Fast Refresh] done in 329ms @ http://localhost:3000/_next/static/chunks/1hkm_next_dist_0h8c2q-._.js:776
[  355632ms] [LOG] [Fast Refresh] done in 329ms @ http://localhost:3000/_next/static/chunks/1hkm_next_dist_0h8c2q-._.js:776
[  369136ms] [LOG] [Fast Refresh] rebuilding @ http://localhost:3000/_next/static/chunks/1hkm_next_dist_0h8c2q-._.js:776
[  369170ms] [LOG] [Fast Refresh] done in 70ms @ http://localhost:3000/_next/static/chunks/1hkm_next_dist_0h8c2q-._.js:776
[  369277ms] [LOG] [Fast Refresh] done in 70ms @ http://localhost:3000/_next/static/chunks/1hkm_next_dist_0h8c2q-._.js:776
[  370139ms] [LOG] [Fast Refresh] done in 70ms @ http://localhost:3000/_next/static/chunks/1hkm_next_dist_0h8c2q-._.js:776
[  553367ms] [LOG] [Fast Refresh] rebuilding @ http://localhost:3000/_next/static/chunks/1hkm_next_dist_0h8c2q-._.js:776
[  553413ms] [LOG] [Fast Refresh] done in 75ms @ http://localhost:3000/_next/static/chunks/1hkm_next_dist_0h8c2q-._.js:776
[  553473ms] [LOG] [Fast Refresh] done in 75ms @ http://localhost:3000/_next/static/chunks/1hkm_next_dist_0h8c2q-._.js:776
[  554528ms] [LOG] [Fast Refresh] done in 75ms @ http://localhost:3000/_next/static/chunks/1hkm_next_dist_0h8c2q-._.js:776
[  566457ms] [LOG] [Fast Refresh] done in 75ms @ http://localhost:3000/_next/static/chunks/1hkm_next_dist_0h8c2q-._.js:776
[  703469ms] [LOG] [Fast Refresh] rebuilding @ http://localhost:3000/_next/static/chunks/1hkm_next_dist_0h8c2q-._.js:776
[  703498ms] [LOG] [Fast Refresh] done in 59ms @ http://localhost:3000/_next/static/chunks/1hkm_next_dist_0h8c2q-._.js:776
[  703584ms] [LOG] [Fast Refresh] done in 59ms @ http://localhost:3000/_next/static/chunks/1hkm_next_dist_0h8c2q-._.js:776
[  704454ms] [LOG] [Fast Refresh] done in 59ms @ http://localhost:3000/_next/static/chunks/1hkm_next_dist_0h8c2q-._.js:776
[  838902ms] [LOG] [Fast Refresh] done in 59ms @ http://localhost:3000/_next/static/chunks/1hkm_next_dist_0h8c2q-._.js:776
[  994106ms] [LOG] [Fast Refresh] done in 59ms @ http://localhost:3000/_next/static/chunks/1hkm_next_dist_0h8c2q-._.js:776
